==========================================
SLURM_JOB_ID = 2654066
SLURM_NODELIST = gnode004
SLURM_JOB_GPUS = 3
==========================================
==========================================
Job started : Sat Jul 18 12:14:58 PM IST 2026
Host        : gnode004
Working dir : /home2/sankalp0109/src_IS
==========================================
========== Python ==========
/home2/sankalp0109/src_IS/venv/bin/python
Python 3.10.12
========== GPU ==========
Sat Jul 18 12:14:58 2026       
+-----------------------------------------------------------------------------------------+
| NVIDIA-SMI 570.211.01             Driver Version: 570.211.01     CUDA Version: 12.8     |
|-----------------------------------------+------------------------+----------------------+
| GPU  Name                 Persistence-M | Bus-Id          Disp.A | Volatile Uncorr. ECC |
| Fan  Temp   Perf          Pwr:Usage/Cap |           Memory-Usage | GPU-Util  Compute M. |
|                                         |                        |               MIG M. |
|=========================================+========================+======================|
|   0  NVIDIA GeForce GTX 1080 Ti     Off |   00000000:83:00.0 Off |                  N/A |
| 22%   37C    P0             57W /  250W |       0MiB /  11264MiB |      1%      Default |
|                                         |                        |                  N/A |
+-----------------------------------------+------------------------+----------------------+
                                                                                         
+-----------------------------------------------------------------------------------------+
| Processes:                                                                              |
|  GPU   GI   CI              PID   Type   Process name                        GPU Memory |
|        ID   ID                                                               Usage      |
|=========================================================================================|
|  No running processes found                                                             |
+-----------------------------------------------------------------------------------------+
==================================================
Torch Version: 2.7.1+cu128
CUDA Runtime: 12.8
CUDA Available: True
GPU: NVIDIA GeForce GTX 1080 Ti
Capability: (6, 1)
Supported Architectures: ['sm_75', 'sm_80', 'sm_86', 'sm_90', 'sm_100', 'sm_120', 'compute_120']
==================================================
========== Executing Notebook ==========
Sat Jul 18 12:15:04 PM IST 2026
==========================================
Notebook finished with exit code: 0
Finished at: Sat Jul 18 07:44:54 PM IST 2026
==========================================
